src/pages/stock/StockTransactionDetailPage.tsx(335,14): error TS2739: Type '{ products: ProductDto[]; setProducts: Dispatch<SetStateAction<ProductDto[]>>; debouncedFetchProducts: (search: string) => void; }' is missing the following properties from type 'TransactionItemsTableProps': onLoadMoreProducts, productsHasMore, isLoadingMoreProducts
